Archive member included to satisfy reference by file (symbol)

obj_iotdk_10/gnu_arcem9d/board/iotdk/drivers/ip/subsystem/uart/dfss_uart_obj.o
                              obj_iotdk_10/gnu_arcem9d/application/./main.o (uart_get_dev)
obj_iotdk_10/gnu_arcem9d/device/ip/subsystem/uart/ss_uart.o
                              obj_iotdk_10/gnu_arcem9d/board/iotdk/drivers/ip/subsystem/uart/dfss_uart_obj.o (ss_uart_open)
obj_iotdk_10/gnu_arcem9d/device/ip/subsystem/uart/uart.o
                              obj_iotdk_10/gnu_arcem9d/device/ip/subsystem/uart/ss_uart.o (io_uart_open)
obj_iotdk_10/gnu_arcem9d/board/iotdk/common/iotdk_init.o
                              obj_iotdk_10/gnu_arcem9d/board/board.o (board_init)
obj_iotdk_10/gnu_arcem9d/board/iotdk/common/iotdk_timer.o
                              obj_iotdk_10/gnu_arcem9d/application/./main.o (gl_iotdk_ms_cnt)
obj_iotdk_10/gnu_arcem9d/board/iotdk/drivers/mux/mux.o
                              obj_iotdk_10/gnu_arcem9d/board/iotdk/common/iotdk_init.o (io_pmod_config)
obj_iotdk_10/gnu_arcem9d/board/iotdk/drivers/sysconf/sysconf.o
                              obj_iotdk_10/gnu_arcem9d/board/iotdk/drivers/mux/mux.o (sysconf_reg_ptr)
obj_iotdk_10/gnu_arcem9d/middleware/common/console_io.o
                              obj_iotdk_10/gnu_arcem9d/board/board.o (xprintf_setup)
obj_iotdk_10/gnu_arcem9d/middleware/common/xprintf/xprintf.o
                              obj_iotdk_10/gnu_arcem9d/middleware/common/console_io.o (xfunc_out)
obj_iotdk_10/gnu_arcem9d/arc/arc_timer.o
                              obj_iotdk_10/gnu_arcem9d/board/iotdk/common/iotdk_timer.o (timer_present)
obj_iotdk_10/gnu_arcem9d/arc/arc_cache.o
                              obj_iotdk_10/gnu_arcem9d/arc/startup/arc_startup.o (arc_cache_init)
obj_iotdk_10/gnu_arcem9d/arc/arc_exception.o
                              obj_iotdk_10/gnu_arcem9d/arc/startup/arc_startup.o (exc_int_init)
obj_iotdk_10/gnu_arcem9d/arc/arc_exc_asm.o
                              obj_iotdk_10/gnu_arcem9d/arc/arc_exception.o (exc_entry_cpu)
obj_iotdk_10/gnu_arcem9d/library/clib/embarc_misc.o
                              obj_iotdk_10/gnu_arcem9d/middleware/common/console_io.o (gnu_printf_setup)
obj_iotdk_10/gnu_arcem9d/library/clib/embarc_target.o
                              obj_iotdk_10/gnu_arcem9d/application/./main.o (get_build_timedate)
c:/arc_gnu/bin/../lib/gcc/arc-elf32/8.3.1/../../../../arc-elf32/lib/em4_fpuda\libc.a(lib_a-memcmp-bs-norm.o)
                              obj_iotdk_10/gnu_arcem9d/application/./main.o (memcmp)
c:/arc_gnu/bin/../lib/gcc/arc-elf32/8.3.1/../../../../arc-elf32/lib/em4_fpuda\libc.a(lib_a-mktime.o)
                              obj_iotdk_10/gnu_arcem9d/library/clib/embarc_target.o (mktime)
c:/arc_gnu/bin/../lib/gcc/arc-elf32/8.3.1/../../../../arc-elf32/lib/em4_fpuda\libc.a(lib_a-sscanf.o)
                              obj_iotdk_10/gnu_arcem9d/library/clib/embarc_target.o (sscanf)
c:/arc_gnu/bin/../lib/gcc/arc-elf32/8.3.1/../../../../arc-elf32/lib/em4_fpuda\libc.a(lib_a-stdio.o)
                              c:/arc_gnu/bin/../lib/gcc/arc-elf32/8.3.1/../../../../arc-elf32/lib/em4_fpuda\libc.a(lib_a-sscanf.o) (__seofread)
c:/arc_gnu/bin/../lib/gcc/arc-elf32/8.3.1/../../../../arc-elf32/lib/em4_fpuda\libc.a(lib_a-strlen-bs-norm.o)
                              obj_iotdk_10/gnu_arcem9d/application/./main.o (strlen)
c:/arc_gnu/bin/../lib/gcc/arc-elf32/8.3.1/../../../../arc-elf32/lib/em4_fpuda\libc.a(lib_a-strncmp.o)
                              obj_iotdk_10/gnu_arcem9d/application/./main.o (strncmp)
c:/arc_gnu/bin/../lib/gcc/arc-elf32/8.3.1/../../../../arc-elf32/lib/em4_fpuda\libc.a(lib_a-svfscanf.o)
                              c:/arc_gnu/bin/../lib/gcc/arc-elf32/8.3.1/../../../../arc-elf32/lib/em4_fpuda\libc.a(lib_a-sscanf.o) (__ssvfscanf_r)
c:/arc_gnu/bin/../lib/gcc/arc-elf32/8.3.1/../../../../arc-elf32/lib/em4_fpuda\libc.a(lib_a-tzcalc_limits.o)
                              c:/arc_gnu/bin/../lib/gcc/arc-elf32/8.3.1/../../../../arc-elf32/lib/em4_fpuda\libc.a(lib_a-mktime.o) (__tzcalc_limits)
c:/arc_gnu/bin/../lib/gcc/arc-elf32/8.3.1/../../../../arc-elf32/lib/em4_fpuda\libc.a(lib_a-tzlock.o)
                              c:/arc_gnu/bin/../lib/gcc/arc-elf32/8.3.1/../../../../arc-elf32/lib/em4_fpuda\libc.a(lib_a-mktime.o) (__tz_lock)
c:/arc_gnu/bin/../lib/gcc/arc-elf32/8.3.1/../../../../arc-elf32/lib/em4_fpuda\libc.a(lib_a-tzset.o)
                              c:/arc_gnu/bin/../lib/gcc/arc-elf32/8.3.1/../../../../arc-elf32/lib/em4_fpuda\libc.a(lib_a-mktime.o) (_tzset_unlocked)
c:/arc_gnu/bin/../lib/gcc/arc-elf32/8.3.1/../../../../arc-elf32/lib/em4_fpuda\libc.a(lib_a-tzset_r.o)
                              c:/arc_gnu/bin/../lib/gcc/arc-elf32/8.3.1/../../../../arc-elf32/lib/em4_fpuda\libc.a(lib_a-tzset.o) (_tzset_unlocked_r)
c:/arc_gnu/bin/../lib/gcc/arc-elf32/8.3.1/../../../../arc-elf32/lib/em4_fpuda\libc.a(lib_a-tzvars.o)
[...]
Memory Configuration

Name             Origin             Length             Attributes
REGION_ICCM      0x20000000         0x00040000
REGION_DCCM      0x80000000         0x00020000
REGION_XCCM      0xc0000000         0x00008000
REGION_YCCM      0xe0000000         0x00008000
REGION_EXT_ROM   0x00000000         0x00040000
REGION_EXT_RAM   0x30000000         0x00020000
*default*        0x00000000         0xffffffff

Linker script and memory map

LOAD c:/arc_gnu/bin/../lib/gcc/arc-elf32/8.3.1/../../../../arc-elf32/lib/em4_fpuda\libm.a

.init           0x20000000      0x214
                0x20000000                . = (. + 0x0)
                0x20000000                _f_init = .
 *(.init_vector .init_vector.*)
 .init_vector   0x20000000        0x4 obj_iotdk_10/gnu_arcem9d/arc/startup/arc_startup.o
 *(.init_bootstrap .init_bootstrap.*)
 .init_bootstrap
                0x20000004      0x210 obj_iotdk_10/gnu_arcem9d/arc/startup/arc_startup.o
                0x20000004                _arc_reset
                0x20000004                _start
                0x20000200                _exit_loop
                0x20000200                _exit_halt
                0x20000214                _e_init = .

.vector         0x20000400      0x400
                0x20000400                _f_vector = .
 *(.vector .vector.*)
 .vector        0x20000400      0x400 obj_iotdk_10/gnu_arcem9d/arc/arc_exception.o
                0x20000400                exc_entry_table
                0x20000800                _e_vector = .

.x_ccm          0xc0000000        0x0
                0xc0000000                _f_x_ccm = .
 *(.x_ccm .x_cmm.*)
                0xc0000000                _e_x_ccm = .

.y_ccm          0xe0000000        0x0
                0xe0000000                _f_y_ccm = .
 *(.y_ccm .y_ccm.*)
                0xe0000000                _e_y_ccm = .

.text           0x20000800     0x24e8
                0x20000800                _f_text = .
 *(.text .text.* .gnu.linkonce.t.*)
 .text.stdio_read
                0x20000800       0x50 obj_iotdk_10/gnu_arcem9d/application/./main.o
 .text.init_stdio_serial.part.0
                0x20000850       0x54 obj_iotdk_10/gnu_arcem9d/application/./main.o
 .text.startup.main
                0x200008a4       0x40 obj_iotdk_10/gnu_arcem9d/application/./main.o
                0x200008a4                main
 .text.board_main
                0x200008e4       0x40 obj_iotdk_10/gnu_arcem9d/board/board.o
                0x200008e4                board_main
 .text.__do_global_ctors_aux
                0x20000924       0x30 obj_iotdk_10/gnu_arcem9d/arc/startup/arc_cxx_support.o
                0x20000924                __do_global_ctors_aux
 .text.__do_global_dtors_aux
                0x20000954       0x34 obj_iotdk_10/gnu_arcem9d/arc/startup/arc_cxx_support.o
                0x20000954                __do_global_dtors_aux
 .text.__do_init_array_aux
                0x20000988       0x3c obj_iotdk_10/gnu_arcem9d/arc/startup/arc_cxx_support.o
                0x20000988                __do_init_array_aux
 .text.dfss_uart_0_read
                0x200009c4       0x10 obj_iotdk_10/gnu_arcem9d/board/iotdk/drivers/ip/subsystem/uart/dfss_uart_obj.o
 .text.dfss_uart_1_read
                0x200009d4       0x10 obj_iotdk_10/gnu_arcem9d/board/iotdk/drivers/ip/subsystem/uart/dfss_uart_obj.o
 .text.dfss_uart_2_read
                0x200009e4       0x10 obj_iotdk_10/gnu_arcem9d/board/iotdk/drivers/ip/subsystem/uart/dfss_uart_obj.o
 .text.dfss_uart_3_read
                0x200009f4       0x10 obj_iotdk_10/gnu_arcem9d/board/iotdk/drivers/ip/subsystem/uart/dfss_uart_obj.o
 .text.dfss_uart_0_write
                0x20000a04       0x10 obj_iotdk_10/gnu_arcem9d/board/iotdk/drivers/ip/subsystem/uart/dfss_uart_obj.o
 .text.dfss_uart_1_write
                0x20000a14       0x10 obj_iotdk_10/gnu_arcem9d/board/iotdk/drivers/ip/subsystem/uart/dfss_uart_obj.o
 .text.dfss_uart_2_write
                0x20000a24       0x10 obj_iotdk_10/gnu_arcem9d/board/iotdk/drivers/ip/subsystem/uart/dfss_uart_obj.o
 .text.dfss_uart_3_write
                0x20000a34       0x10 obj_iotdk_10/gnu_arcem9d/board/iotdk/drivers/ip/subsystem/uart/dfss_uart_obj.o
 .text.dfss_uart_0_control
                0x20000a44       0x10 obj_iotdk_10/gnu_arcem9d/board/iotdk/drivers/ip/subsystem/uart/dfss_uart_obj.o
 .text.dfss_uart_1_control
                0x20000a54       0x10 obj_iotdk_10/gnu_arcem9d/board/iotdk/drivers/ip/subsystem/uart/dfss_uart_obj.o
 .text.dfss_uart_2_control
                0x20000a64       0x10 obj_iotdk_10/gnu_arcem9d/board/iotdk/drivers/ip/subsystem/uart/dfss_uart_obj.o
 .text.dfss_uart_3_control
                0x20000a74       0x10 obj_iotdk_10/gnu_arcem9d/board/iotdk/drivers/ip/subsystem/uart/dfss_uart_obj.o
 .text.dfss_uart_0_close
                0x20000a84        0xc obj_iotdk_10/gnu_arcem9d/board/iotdk/drivers/ip/subsystem/uart/dfss_uart_obj.o
 .text.dfss_uart_1_close
                0x20000a90        0xc obj_iotdk_10/gnu_arcem9d/board/iotdk/drivers/ip/subsystem/uart/dfss_uart_obj.o
 .text.dfss_uart_2_close
                0x20000a9c        0xc obj_iotdk_10/gnu_arcem9d/board/iotdk/drivers/ip/subsystem/uart/dfss_uart_obj.o
 .text.dfss_uart_3_close
                0x20000aa8        0xc obj_iotdk_10/gnu_arcem9d/board/iotdk/drivers/ip/subsystem/uart/dfss_uart_obj.o
 .text.dfss_uart_0_open
                0x20000ab4        0xc obj_iotdk_10/gnu_arcem9d/board/iotdk/drivers/ip/subsystem/uart/dfss_uart_obj.o
 .text.dfss_uart_1_open
                0x20000ac0        0xc obj_iotdk_10/gnu_arcem9d/board/iotdk/drivers/ip/subsystem/uart/dfss_uart_obj.o
 .text.dfss_uart_2_open
                0x20000acc        0xc obj_iotdk_10/gnu_arcem9d/board/iotdk/drivers/ip/subsystem/uart/dfss_uart_obj.o
 .text.dfss_uart_3_open
                0x20000ad8        0xc obj_iotdk_10/gnu_arcem9d/board/iotdk/drivers/ip/subsystem/uart/dfss_uart_obj.o
 .text.uart_err_cb0
                0x20000ae4        0xc obj_iotdk_10/gnu_arcem9d/board/iotdk/drivers/ip/subsystem/uart/dfss_uart_obj.o
 .text.uart_err_cb1
                0x20000af0        0xc obj_iotdk_10/gnu_arcem9d/board/iotdk/drivers/ip/subsystem/uart/dfss_uart_obj.o
 .text.uart_err_cb2
                0x20000afc        0xc obj_iotdk_10/gnu_arcem9d/board/iotdk/drivers/ip/subsystem/uart/dfss_uart_obj.o
 .text.uart_err_cb3
                0x20000b08        0xc obj_iotdk_10/gnu_arcem9d/board/iotdk/drivers/ip/subsystem/uart/dfss_uart_obj.o
 .text.uart_rx_cb0
                0x20000b14        0xc obj_iotdk_10/gnu_arcem9d/board/iotdk/drivers/ip/subsystem/uart/dfss_uart_obj.o
 .text.uart_rx_cb1
                0x20000b20        0xc obj_iotdk_10/gnu_arcem9d/board/iotdk/drivers/ip/subsystem/uart/dfss_uart_obj.o
 .text.uart_rx_cb2
                0x20000b2c        0xc obj_iotdk_10/gnu_arcem9d/board/iotdk/drivers/ip/subsystem/uart/dfss_uart_obj.o
 .text.uart_rx_cb3
                0x20000b38        0xc obj_iotdk_10/gnu_arcem9d/board/iotdk/drivers/ip/subsystem/uart/dfss_uart_obj.o
 .text.uart_tx_cb0
                0x20000b44        0xc obj_iotdk_10/gnu_arcem9d/board/iotdk/drivers/ip/subsystem/uart/dfss_uart_obj.o
 .text.uart_tx_cb1
                0x20000b50        0xc obj_iotdk_10/gnu_arcem9d/board/iotdk/drivers/ip/subsystem/uart/dfss_uart_obj.o
 .text.uart_tx_cb2
                0x20000b5c        0xc obj_iotdk_10/gnu_arcem9d/board/iotdk/drivers/ip/subsystem/uart/dfss_uart_obj.o
 .text.uart_tx_cb3
                0x20000b68        0xc obj_iotdk_10/gnu_arcem9d/board/iotdk/drivers/ip/subsystem/uart/dfss_uart_obj.o
 .text.dfss_uart_all_install
                0x20000b74      0x128 obj_iotdk_10/gnu_arcem9d/board/iotdk/drivers/ip/subsystem/uart/dfss_uart_obj.o
                0x20000b74                dfss_uart_all_install
 .text.uart_get_dev
                0x20000c9c       0x5c obj_iotdk_10/gnu_arcem9d/board/iotdk/drivers/ip/subsystem/uart/dfss_uart_obj.o
                0x20000c9c                uart_get_dev
 .text.set_dps  0x20000cf8       0x94 obj_iotdk_10/gnu_arcem9d/device/ip/subsystem/uart/ss_uart.o
 .text.ss_uart_open
                0x20000d8c       0xdc obj_iotdk_10/gnu_arcem9d/device/ip/subsystem/uart/ss_uart.o
                0x20000d8c                ss_uart_open
 .text.ss_uart_close
                0x20000e68       0x34 obj_iotdk_10/gnu_arcem9d/device/ip/subsystem/uart/ss_uart.o
                0x20000e68                ss_uart_close
 .text.ss_uart_control
                0x20000e9c      0x194 obj_iotdk_10/gnu_arcem9d/device/ip/subsystem/uart/ss_uart.o
                0x20000e9c                ss_uart_control
 .text.ss_uart_write
                0x20001030       0xb0 obj_iotdk_10/gnu_arcem9d/device/ip/subsystem/uart/ss_uart.o
                0x20001030                ss_uart_write
 .text.ss_uart_read
                0x200010e0       0xb4 obj_iotdk_10/gnu_arcem9d/device/ip/subsystem/uart/ss_uart.o
                0x200010e0                ss_uart_read
 .text.ss_uart_tx_cb
                0x20001194       0x20 obj_iotdk_10/gnu_arcem9d/device/ip/subsystem/uart/ss_uart.o
                0x20001194                ss_uart_tx_cb
 .text.ss_uart_rx_cb
                0x200011b4       0x20 obj_iotdk_10/gnu_arcem9d/device/ip/subsystem/uart/ss_uart.o
                0x200011b4                ss_uart_rx_cb
 .text.ss_uart_err_cb
                0x200011d4       0x14 obj_iotdk_10/gnu_arcem9d/device/ip/subsystem/uart/ss_uart.o
                0x200011d4                ss_uart_err_cb
 .text.uart0_dmatx_ISR
                0x200011e8        0x4 obj_iotdk_10/gnu_arcem9d/device/ip/subsystem/uart/uart.o
 .text.uart_isr_proc
                0x200011ec      0x33c obj_iotdk_10/gnu_arcem9d/device/ip/subsystem/uart/uart.o
 .text.uart3_ISR
                0x20001528        0x8 obj_iotdk_10/gnu_arcem9d/device/ip/subsystem/uart/uart.o
 .text.uart2_ISR
                0x20001530        0x8 obj_iotdk_10/gnu_arcem9d/device/ip/subsystem/uart/uart.o
 .text.uart1_ISR
                0x20001538        0x8 obj_iotdk_10/gnu_arcem9d/device/ip/subsystem/uart/uart.o
 .text.uart0_ISR
                0x20001540        0x8 obj_iotdk_10/gnu_arcem9d/device/ip/subsystem/uart/uart.o
 .text.uart3_dmarx_ISR
                0x20001548        0x4 obj_iotdk_10/gnu_arcem9d/device/ip/subsystem/uart/uart.o
 .text.uart0_dmarx_ISR
                0x2000154c        0x4 obj_iotdk_10/gnu_arcem9d/device/ip/subsystem/uart/uart.o
 .text.uart1_dmatx_ISR
                0x20001550        0x4 obj_iotdk_10/gnu_arcem9d/device/ip/subsystem/uart/uart.o
 .text.uart1_dmarx_ISR
                0x20001554        0x4 obj_iotdk_10/gnu_arcem9d/device/ip/subsystem/uart/uart.o
 .text.uart2_dmatx_ISR
                0x20001558        0x4 obj_iotdk_10/gnu_arcem9d/device/ip/subsystem/uart/uart.o
 .text.uart2_dmarx_ISR
                0x2000155c        0x4 obj_iotdk_10/gnu_arcem9d/device/ip/subsystem/uart/uart.o
 .text.uart3_dmatx_ISR
                0x20001560        0x4 obj_iotdk_10/gnu_arcem9d/device/ip/subsystem/uart/uart.o
 .text.io_uart_open
                0x20001564       0xc8 obj_iotdk_10/gnu_arcem9d/device/ip/subsystem/uart/uart.o
                0x20001564                io_uart_open
 .text.io_uart_close
                0x2000162c       0x68 obj_iotdk_10/gnu_arcem9d/device/ip/subsystem/uart/uart.o
                0x2000162c                io_uart_close
 .text.io_uart_read
                0x20001694       0x58 obj_iotdk_10/gnu_arcem9d/device/ip/subsystem/uart/uart.o
                0x20001694                io_uart_read
 .text.io_uart_write
                0x200016ec       0x80 obj_iotdk_10/gnu_arcem9d/device/ip/subsystem/uart/uart.o
                0x200016ec                io_uart_write
 .text.io_uart_ioctl
                0x2000176c      0x1c0 obj_iotdk_10/gnu_arcem9d/device/ip/subsystem/uart/uart.o
                0x2000176c                io_uart_ioctl
 .text.board_init
                0x2000192c       0x2c obj_iotdk_10/gnu_arcem9d/board/iotdk/common/iotdk_init.o
                0x2000192c                board_init
 .text.board_timer_update
                0x20001958       0x68 obj_iotdk_10/gnu_arcem9d/board/iotdk/common/iotdk_timer.o
                0x20001958                board_timer_update
 .text.iotdk_timer_isr
                0x200019c0       0x14 obj_iotdk_10/gnu_arcem9d/board/iotdk/common/iotdk_timer.o
 .text.iotdk_timer_init
                0x200019d4       0x38 obj_iotdk_10/gnu_arcem9d/board/iotdk/common/iotdk_timer.o
                0x200019d4                iotdk_timer_init
 .text.io_pmod_config
                0x20001a0c       0x84 obj_iotdk_10/gnu_arcem9d/board/iotdk/drivers/mux/mux.o
                0x20001a0c                io_pmod_config
 .text.io_mux_init
                0x20001a90       0x14 obj_iotdk_10/gnu_arcem9d/board/iotdk/drivers/mux/mux.o
                0x20001a90                io_mux_init
 .text.pll_conf_reg
                0x20001aa4       0x40 obj_iotdk_10/gnu_arcem9d/board/iotdk/drivers/sysconf/sysconf.o
                0x20001aa4                pll_conf_reg
 .text.pll_fout_config
                0x20001ae4       0x94 obj_iotdk_10/gnu_arcem9d/board/iotdk/drivers/sysconf/sysconf.o
                0x20001ae4                pll_fout_config
 .text.console_putchar
                0x20001b78       0x2c obj_iotdk_10/gnu_arcem9d/middleware/common/console_io.o
                0x20001b78                console_putchar
 .text.console_getchar
                0x20001ba4       0x38 obj_iotdk_10/gnu_arcem9d/middleware/common/console_io.o
                0x20001ba4                console_getchar
 .text.xprintf_setup
                0x20001bdc       0x88 obj_iotdk_10/gnu_arcem9d/middleware/common/console_io.o
                0x20001bdc                xprintf_setup
 .text.xputc    0x20001c64       0x48 obj_iotdk_10/gnu_arcem9d/middleware/common/xprintf/xprintf.o
                0x20001c64                xputc
 .text.xvprintf
                0x20001cac      0x34c obj_iotdk_10/gnu_arcem9d/middleware/common/xprintf/xprintf.o
                0x20001cac                xvprintf
 .text.xprintf  0x20001ff8       0x28 obj_iotdk_10/gnu_arcem9d/middleware/common/xprintf/xprintf.o
                0x20001ff8                xprintf
 .text.timer_present
                0x20002020       0x2c obj_iotdk_10/gnu_arcem9d/arc/arc_timer.o
                0x20002020                timer_present
 .text.timer_start
                0x2000204c       0x78 obj_iotdk_10/gnu_arcem9d/arc/arc_timer.o
                0x2000204c                timer_start
 .text.timer_stop
                0x200020c4       0x7c obj_iotdk_10/gnu_arcem9d/arc/arc_timer.o
                0x200020c4                timer_stop
 .text.timer_int_clear
                0x20002140       0x3c obj_iotdk_10/gnu_arcem9d/arc/arc_timer.o
                0x20002140                timer_int_clear
 .text.timer_init
                0x2000217c       0x48 obj_iotdk_10/gnu_arcem9d/arc/arc_timer.o
                0x2000217c                timer_init
 .text.timer_calibrate_delay
                0x200021c4      0x1c0 obj_iotdk_10/gnu_arcem9d/arc/arc_timer.o
                0x200021c4                timer_calibrate_delay
 .text.arc_cache_init
                0x20002384      0x124 obj_iotdk_10/gnu_arcem9d/arc/arc_cache.o
                0x20002384                arc_cache_init
 .text.int_handler_default
                0x200024a8       0x34 obj_iotdk_10/gnu_arcem9d/arc/arc_exception.o
 .text.dump_protv_access_err
                0x200024dc       0x74 obj_iotdk_10/gnu_arcem9d/arc/arc_exception.o
 .text.exc_handler_default
                0x20002550      0x3d8 obj_iotdk_10/gnu_arcem9d/arc/arc_exception.o
 .text.exc_int_init
                0x20002928       0x6c obj_iotdk_10/gnu_arcem9d/arc/arc_exception.o
                0x20002928                exc_int_init
 .text.int_disable
                0x20002994       0x28 obj_iotdk_10/gnu_arcem9d/arc/arc_exception.o
                0x20002994                int_disable
 .text.int_enable
                0x200029bc       0x28 obj_iotdk_10/gnu_arcem9d/arc/arc_exception.o
                0x200029bc                int_enable
 .text.cpu_unlock
                0x200029e4        0x8 obj_iotdk_10/gnu_arcem9d/arc/arc_exception.o
                0x200029e4                cpu_unlock
 .text.cpu_lock_save
                0x200029ec        0x8 obj_iotdk_10/gnu_arcem9d/arc/arc_exception.o
                0x200029ec                cpu_lock_save
 .text.cpu_unlock_restore
                0x200029f4        0x8 obj_iotdk_10/gnu_arcem9d/arc/arc_exception.o
                0x200029f4                cpu_unlock_restore
 .text.int_handler_install
                0x200029fc       0x20 obj_iotdk_10/gnu_arcem9d/arc/arc_exception.o
                0x200029fc                int_handler_install
 .text          0x20002a1c      0x2c8 obj_iotdk_10/gnu_arcem9d/arc/arc_exc_asm.o
                0x20002a1c                exc_entry_cpu
                0x20002b8c                exc_entry_int
                0x20002c30                exc_entry_firq
 .text.gnu_printf_setup
                0x20002ce4        0x4 obj_iotdk_10/gnu_arcem9d/library/clib/embarc_misc.o
                0x20002ce4                gnu_printf_setup
                0x20002ce8                _e_text = .

.rodata         0x20002ce8      0xd7c
                0x20002ce8                _f_rodata = .
                0x20002ce8                . = ALIGN (0x4)
                0x20002ce8                __CTOR_LIST__ = .
                0x20002ce8        0x4 LONG 0x0 (((__CTOR_END__ - __CTOR_LIST__) / 0x4) - 0x2)
 *(SORT_BY_NAME(.ctors*))
                0x20002cec        0x4 LONG 0x0
                0x20002cf0                __CTOR_END__ = .
                0x20002cf0                . = ALIGN (0x4)
                0x20002cf0                __init_array_start = .
 *(SORT_BY_NAME(.init_array*))
                0x20002cf0                __init_array_end = .
                0x20002cf0                . = ALIGN (0x4)
                0x20002cf0                __DTOR_LIST__ = .
                0x20002cf0        0x4 LONG 0x0 (((__DTOR_END__ - __DTOR_LIST__) / 0x4) - 0x2)
 *(SORT_BY_NAME(.dtors*))
                0x20002cf4        0x4 LONG 0x0
                0x20002cf8                __DTOR_END__ = .
 *(.rodata .rodata.* .gnu.linkonce.r.*)
 .rodata.main.str1.4
                0x20002cf8        0x3 obj_iotdk_10/gnu_arcem9d/application/./main.o
                                  0x4 (size before relaxing)
 *fill*         0x20002cfb        0x1 
 .rodata.str1.4
                0x20002cfc        0x5 obj_iotdk_10/gnu_arcem9d/board/board.o
                                  0x8 (size before relaxing)
 *fill*         0x20002d01        0x3 
 .rodata.CSWTCH.1
                0x20002d04       0x10 obj_iotdk_10/gnu_arcem9d/board/iotdk/drivers/ip/subsystem/uart/dfss_uart_obj.o
 .rodata.ss_uart_control
                0x20002d14       0x48 obj_iotdk_10/gnu_arcem9d/device/ip/subsystem/uart/ss_uart.o
 .rodata.uart_isr_proc
                0x20002d5c       0x20 obj_iotdk_10/gnu_arcem9d/device/ip/subsystem/uart/uart.o
 .rodata.io_uart_ioctl
                0x20002d7c       0x98 obj_iotdk_10/gnu_arcem9d/device/ip/subsystem/uart/uart.o
 .rodata.pll_configuration
                0x20002e14       0x58 obj_iotdk_10/gnu_arcem9d/board/iotdk/drivers/sysconf/sysconf.o
 .rodata.xprintf_setup.str1.4
                0x20002e6c      0x320 obj_iotdk_10/gnu_arcem9d/middleware/common/console_io.o
 .rodata.xvprintf
                0x2000318c       0x5c obj_iotdk_10/gnu_arcem9d/middleware/common/xprintf/xprintf.o
 .rodata.int_handler_default.str1.4
                0x200031e8       0x3c obj_iotdk_10/gnu_arcem9d/arc/arc_exception.o
 .rodata.dump_protv_access_err.str1.4
                0x20003224       0x7a obj_iotdk_10/gnu_arcem9d/arc/arc_exception.o
                                 0x7c (size before relaxing)
 *fill*         0x2000329e        0x2 
 .rodata.dump_protv_access_err
                0x200032a0      0x110 obj_iotdk_10/gnu_arcem9d/arc/arc_exception.o
 .rodata.exc_handler_default.str1.4
                0x200033b0      0x5dc obj_iotdk_10/gnu_arcem9d/arc/arc_exception.o
                                0x5e0 (size before relaxing)
 .rodata.exc_handler_default
                0x2000398c       0xd8 obj_iotdk_10/gnu_arcem9d/arc/arc_exception.o
                0x20003a64                _e_rodata = .

.data           0x80000000      0x3e8 load address 0x20003a64
                0x80000000                _f_data = .
 *(.data .data.* .gnu.linkonce.d.*)
 .data.s_main_args
                0x80000000        0x8 obj_iotdk_10/gnu_arcem9d/board/board.o
                0x80000000                s_main_args
 .data.uart_context3
                0x80000008       0x1c obj_iotdk_10/gnu_arcem9d/board/iotdk/drivers/ip/subsystem/uart/dfss_uart_obj.o
 .data.uart_context2
                0x80000024       0x1c obj_iotdk_10/gnu_arcem9d/board/iotdk/drivers/ip/subsystem/uart/dfss_uart_obj.o
 .data.uart_context1
                0x80000040       0x1c obj_iotdk_10/gnu_arcem9d/board/iotdk/drivers/ip/subsystem/uart/dfss_uart_obj.o
 .data.uart_context0
                0x8000005c       0x1c obj_iotdk_10/gnu_arcem9d/board/iotdk/drivers/ip/subsystem/uart/dfss_uart_obj.o
 .data.uart_devs
                0x80000078      0x1a4 obj_iotdk_10/gnu_arcem9d/device/ip/subsystem/uart/uart.o
 .data.sysconf_reg_ptr
                0x8000021c        0x4 obj_iotdk_10/gnu_arcem9d/board/iotdk/drivers/sysconf/sysconf.o
                0x8000021c                sysconf_reg_ptr
 .data.gl_count
                0x80000220        0x4 obj_iotdk_10/gnu_arcem9d/arc/arc_timer.o
                0x80000220                gl_count
 .data.gl_loops_per_jiffy
                0x80000224        0x8 obj_iotdk_10/gnu_arcem9d/arc/arc_timer.o
                0x80000224                gl_loops_per_jiffy
 .data.exc_int_handler_table
                0x8000022c      0x1bc obj_iotdk_10/gnu_arcem9d/arc/arc_exception.o
                0x8000022c                exc_int_handler_table
                0x800003e8                _f_sdata = .
                0x800003e8                __SDATA_BEGIN__ = .
 *(.sdata .sdata.* .gnu.linkonce.s.*)
                [!provide]                PROVIDE (__sbss_start = .)
                [!provide]                PROVIDE (___sbss_start = .)
                0x800003e8                _f_sbss = .
 *(.dynsbss)
 *(.sbss .sbss.* .gnu.linkonce.sb.*)
 *(.scommon)
                0x800003e8                _e_sbss = .
                [!provide]                PROVIDE (__sbss_end = .)
                [!provide]                PROVIDE (___sbss_end = .)
                0x800003e8                _e_sdata = .
                0x800003e8                _e_data = .

.bss            0x800003e8      0x1c8 load address 0x20003e50
                0x800003e8                _f_bss = .
 *(.dynbss)
 *(.bss .bss.* .gnu.linkonce.b.*)
 .bss.stdio_uart_inited
                0x800003e8        0x4 obj_iotdk_10/gnu_arcem9d/application/./main.o
                0x800003e8                stdio_uart_inited
 .bss.install_flag.1983
                0x800003ec        0x4 obj_iotdk_10/gnu_arcem9d/board/iotdk/drivers/ip/subsystem/uart/dfss_uart_obj.o
 .bss.dfss_uart_3
                0x800003f0       0x5c obj_iotdk_10/gnu_arcem9d/board/iotdk/drivers/ip/subsystem/uart/dfss_uart_obj.o
 .bss.dfss_uart_2
                0x8000044c       0x5c obj_iotdk_10/gnu_arcem9d/board/iotdk/drivers/ip/subsystem/uart/dfss_uart_obj.o
 .bss.dfss_uart_1
                0x800004a8       0x5c obj_iotdk_10/gnu_arcem9d/board/iotdk/drivers/ip/subsystem/uart/dfss_uart_obj.o
 .bss.dfss_uart_0
                0x80000504       0x5c obj_iotdk_10/gnu_arcem9d/board/iotdk/drivers/ip/subsystem/uart/dfss_uart_obj.o
 .bss.uart_handles
                0x80000560       0x10 obj_iotdk_10/gnu_arcem9d/device/ip/subsystem/uart/uart.o
 .bss.sys_ms_update.2948
                0x80000570        0x4 obj_iotdk_10/gnu_arcem9d/board/iotdk/common/iotdk_timer.o
 .bss.sys_hz_update.2947
                0x80000574        0x4 obj_iotdk_10/gnu_arcem9d/board/iotdk/common/iotdk_timer.o
 .bss.gl_iotdk_ms_cnt
                0x80000578        0x4 obj_iotdk_10/gnu_arcem9d/board/iotdk/common/iotdk_timer.o
                0x80000578                gl_iotdk_ms_cnt
 .bss.gl_iotdk_sys_hz_cnt
                0x8000057c        0x8 obj_iotdk_10/gnu_arcem9d/board/iotdk/common/iotdk_timer.o
                0x8000057c                gl_iotdk_sys_hz_cnt
 .bss.console_uart
                0x80000584        0x4 obj_iotdk_10/gnu_arcem9d/middleware/common/console_io.o
 .bss.xprintf_setup_flag
                0x80000588        0x4 obj_iotdk_10/gnu_arcem9d/middleware/common/console_io.o
 .bss.outptr    0x8000058c        0x4 obj_iotdk_10/gnu_arcem9d/middleware/common/xprintf/xprintf.o
 .bss.dcache_config
                0x80000590        0x8 obj_iotdk_10/gnu_arcem9d/arc/arc_cache.o
 .bss.icache_config
                0x80000598        0x8 obj_iotdk_10/gnu_arcem9d/arc/arc_cache.o
 *(COMMON)
 COMMON         0x800005a0        0x4 obj_iotdk_10/gnu_arcem9d/application/./main.o
                0x800005a0                stdio_uart_obj
 COMMON         0x800005a4        0x8 obj_iotdk_10/gnu_arcem9d/middleware/common/xprintf/xprintf.o
                0x800005a4                xfunc_in
                0x800005a8                xfunc_out
 COMMON         0x800005ac        0x4 obj_iotdk_10/gnu_arcem9d/arc/arc_exception.o
                0x800005ac                exc_nest_count
                0x800005b0                _e_bss = .

.stack          0x800005b0      0x800 load address 0x20003e4c
                0x800005b0                . = ALIGN (0x4)
                0x800005b0                _f_stack = .
                0x80000db0                . = (. + 0x800)
 *fill*         0x800005b0      0x800 
                0x80000db0                _e_stack = .

.heap           0x80000db0     0x2000 load address 0x20003e4c
                0x80000db0                . = ALIGN (0x4)
                0x80000db0                __start_heap = .
                0x80000db0                _f_heap = .
                0x80002db0                . = (. + 0x2000)
 *fill*         0x80000db0     0x2000 
                0x80002db0                _e_heap = .
                0x80002db0                __end_heap = .
                0x20000800                _load_addr_text = LOADADDR (.text)
                0x20002ce8                _load_addr_rodata = LOADADDR (.rodata)
                0x20003a64                _load_addr_data = LOADADDR (.data)
LOAD obj_iotdk_10/gnu_arcem9d/application/./main.o
LOAD obj_iotdk_10/gnu_arcem9d/board/board.o
LOAD obj_iotdk_10/gnu_arcem9d/arc/startup/arc_cxx_support.o
LOAD obj_iotdk_10/gnu_arcem9d/arc/startup/arc_startup.o
START GROUP
LOAD obj_iotdk_10/gnu_arcem9d/libembarc.a
LOAD c:/arc_gnu/bin/../lib/gcc/arc-elf32/8.3.1/../../../../arc-elf32/lib/em4_fpuda\libm.a
LOAD c:/arc_gnu/bin/../lib/gcc/arc-elf32/8.3.1/../../../../arc-elf32/lib/em4_fpuda\libc.a
LOAD c:/arc_gnu/bin/../lib/gcc/arc-elf32/8.3.1/em4_fpuda\libgcc.a
END GROUP
START GROUP
LOAD c:/arc_gnu/bin/../lib/gcc/arc-elf32/8.3.1/em4_fpuda\libgcc.a
LOAD c:/arc_gnu/bin/../lib/gcc/arc-elf32/8.3.1/../../../../arc-elf32/lib/em4_fpuda\libc.a
LOAD c:/arc_gnu/bin/../lib/gcc/arc-elf32/8.3.1/../../../../arc-elf32/lib/em4_fpuda\libnosys.a
END GROUP
OUTPUT(obj_iotdk_10/gnu_arcem9d/blinky_gnu_arcem9d.elf elf32-littlearc)

.debug_info     0x00000000     0xcda2
 .debug_info    0x00000000     0x1e21 obj_iotdk_10/gnu_arcem9d/application/./main.o
 .debug_info    0x00001e21      0xfa6 obj_iotdk_10/gnu_arcem9d/board/board.o
 .debug_info    0x00002dc7      0x1fc obj_iotdk_10/gnu_arcem9d/arc/startup/arc_cxx_support.o
 .debug_info    0x00002fc3       0x26 obj_iotdk_10/gnu_arcem9d/arc/startup/arc_startup.o
 .debug_info    0x00002fe9     0x1161 obj_iotdk_10/gnu_arcem9d/board/iotdk/drivers/ip/subsystem/uart/dfss_uart_obj.o
 .debug_info    0x0000414a      0xe9e obj_iotdk_10/gnu_arcem9d/device/ip/subsystem/uart/ss_uart.o
 .debug_info    0x00004fe8     0x102f obj_iotdk_10/gnu_arcem9d/device/ip/subsystem/uart/uart.o
 .debug_info    0x00006017      0x674 obj_iotdk_10/gnu_arcem9d/board/iotdk/common/iotdk_init.o
 .debug_info    0x0000668b      0x874 obj_iotdk_10/gnu_arcem9d/board/iotdk/common/iotdk_timer.o
 .debug_info    0x00006eff      0xaad obj_iotdk_10/gnu_arcem9d/board/iotdk/drivers/mux/mux.o
 .debug_info    0x000079ac      0x865 obj_iotdk_10/gnu_arcem9d/board/iotdk/drivers/sysconf/sysconf.o
 .debug_info    0x00008211     0x126c obj_iotdk_10/gnu_arcem9d/middleware/common/console_io.o
 .debug_info    0x0000947d      0x8c0 obj_iotdk_10/gnu_arcem9d/middleware/common/xprintf/xprintf.o
 .debug_info    0x00009d3d      0x60a obj_iotdk_10/gnu_arcem9d/arc/arc_timer.o
 .debug_info    0x0000a347      0x91e obj_iotdk_10/gnu_arcem9d/arc/arc_cache.o
 .debug_info    0x0000ac65     0x1745 obj_iotdk_10/gnu_arcem9d/arc/arc_exception.o
 .debug_info    0x0000c3aa       0x26 obj_iotdk_10/gnu_arcem9d/arc/arc_exc_asm.o
 .debug_info    0x0000c3d0      0x9d2 obj_iotdk_10/gnu_arcem9d/library/clib/embarc_misc.o

.debug_abbrev   0x00000000     0x32f9
 .debug_abbrev  0x00000000      0x624 obj_iotdk_10/gnu_arcem9d/application/./main.o
 .debug_abbrev  0x00000624      0x364 obj_iotdk_10/gnu_arcem9d/board/board.o
 .debug_abbrev  0x00000988      0x170 obj_iotdk_10/gnu_arcem9d/arc/startup/arc_cxx_support.o
 .debug_abbrev  0x00000af8       0x14 obj_iotdk_10/gnu_arcem9d/arc/startup/arc_startup.o
 .debug_abbrev  0x00000b0c      0x2f0 obj_iotdk_10/gnu_arcem9d/board/iotdk/drivers/ip/subsystem/uart/dfss_uart_obj.o
 .debug_abbrev  0x00000dfc      0x3d4 obj_iotdk_10/gnu_arcem9d/device/ip/subsystem/uart/ss_uart.o
 .debug_abbrev  0x000011d0      0x36e obj_iotdk_10/gnu_arcem9d/device/ip/subsystem/uart/uart.o
 .debug_abbrev  0x0000153e      0x1fb obj_iotdk_10/gnu_arcem9d/board/iotdk/common/iotdk_init.o
 .debug_abbrev  0x00001739      0x352 obj_iotdk_10/gnu_arcem9d/board/iotdk/common/iotdk_timer.o
 .debug_abbrev  0x00001a8b      0x334 obj_iotdk_10/gnu_arcem9d/board/iotdk/drivers/mux/mux.o
 .debug_abbrev  0x00001dbf      0x2e1 obj_iotdk_10/gnu_arcem9d/board/iotdk/drivers/sysconf/sysconf.o
 .debug_abbrev  0x000020a0      0x379 obj_iotdk_10/gnu_arcem9d/middleware/common/console_io.o
 .debug_abbrev  0x00002419      0x2f9 obj_iotdk_10/gnu_arcem9d/middleware/common/xprintf/xprintf.o
 .debug_abbrev  0x00002712      0x2e4 obj_iotdk_10/gnu_arcem9d/arc/arc_timer.o
 .debug_abbrev  0x000029f6      0x2d9 obj_iotdk_10/gnu_arcem9d/arc/arc_cache.o
 .debug_abbrev  0x00002ccf      0x447 obj_iotdk_10/gnu_arcem9d/arc/arc_exception.o
 .debug_abbrev  0x00003116       0x14 obj_iotdk_10/gnu_arcem9d/arc/arc_exc_asm.o
 .debug_abbrev  0x0000312a      0x1cf obj_iotdk_10/gnu_arcem9d/library/clib/embarc_misc.o

.debug_loc      0x00000000     0x60b8
 .debug_loc     0x00000000      0x7d8 obj_iotdk_10/gnu_arcem9d/application/./main.o
 .debug_loc     0x000007d8       0x40 obj_iotdk_10/gnu_arcem9d/board/board.o
 .debug_loc     0x00000818       0xa3 obj_iotdk_10/gnu_arcem9d/arc/startup/arc_cxx_support.o
 .debug_loc     0x000008bb      0x859 obj_iotdk_10/gnu_arcem9d/board/iotdk/drivers/ip/subsystem/uart/dfss_uart_obj.o
 .debug_loc     0x00001114      0xeea obj_iotdk_10/gnu_arcem9d/device/ip/subsystem/uart/ss_uart.o
 .debug_loc     0x00001ffe      0x81d obj_iotdk_10/gnu_arcem9d/device/ip/subsystem/uart/uart.o
 .debug_loc     0x0000281b      0x14d obj_iotdk_10/gnu_arcem9d/board/iotdk/common/iotdk_timer.o
 .debug_loc     0x00002968      0x9ba obj_iotdk_10/gnu_arcem9d/board/iotdk/drivers/mux/mux.o
 .debug_loc     0x00003322      0x2d2 obj_iotdk_10/gnu_arcem9d/board/iotdk/drivers/sysconf/sysconf.o
 .debug_loc     0x000035f4       0xdf obj_iotdk_10/gnu_arcem9d/middleware/common/console_io.o
 .debug_loc     0x000036d3     0x10f0 obj_iotdk_10/gnu_arcem9d/middleware/common/xprintf/xprintf.o
 .debug_loc     0x000047c3      0x72a obj_iotdk_10/gnu_arcem9d/arc/arc_timer.o
 .debug_loc     0x00004eed      0x56a obj_iotdk_10/gnu_arcem9d/arc/arc_cache.o
 .debug_loc     0x00005457      0xc61 obj_iotdk_10/gnu_arcem9d/arc/arc_exception.o

.debug_aranges  0x00000000      0x790
 .debug_aranges
                0x00000000       0xd8 obj_iotdk_10/gnu_arcem9d/application/./main.o
 .debug_aranges
                0x000000d8       0x20 obj_iotdk_10/gnu_arcem9d/board/board.o
 .debug_aranges
                0x000000f8       0x40 obj_iotdk_10/gnu_arcem9d/arc/startup/arc_cxx_support.o
 .debug_aranges
                0x00000138       0x20 obj_iotdk_10/gnu_arcem9d/arc/startup/arc_startup.o
 .debug_aranges
                0x00000158      0x128 obj_iotdk_10/gnu_arcem9d/board/iotdk/drivers/ip/subsystem/uart/dfss_uart_obj.o
 .debug_aranges
                0x00000280       0x60 obj_iotdk_10/gnu_arcem9d/device/ip/subsystem/uart/ss_uart.o
 .debug_aranges
                0x000002e0       0x70 obj_iotdk_10/gnu_arcem9d/device/ip/subsystem/uart/uart.o
 .debug_aranges
                0x00000350       0x20 obj_iotdk_10/gnu_arcem9d/board/iotdk/common/iotdk_init.o
 .debug_aranges
                0x00000370       0x48 obj_iotdk_10/gnu_arcem9d/board/iotdk/common/iotdk_timer.o
 .debug_aranges
                0x000003b8       0x50 obj_iotdk_10/gnu_arcem9d/board/iotdk/drivers/mux/mux.o
 .debug_aranges
                0x00000408       0xe0 obj_iotdk_10/gnu_arcem9d/board/iotdk/drivers/sysconf/sysconf.o
 .debug_aranges
                0x000004e8       0x40 obj_iotdk_10/gnu_arcem9d/middleware/common/console_io.o
 .debug_aranges
                0x00000528       0x78 obj_iotdk_10/gnu_arcem9d/middleware/common/xprintf/xprintf.o
 .debug_aranges
                0x000005a0       0x58 obj_iotdk_10/gnu_arcem9d/arc/arc_timer.o
 .debug_aranges
                0x000005f8       0x78 obj_iotdk_10/gnu_arcem9d/arc/arc_cache.o
 .debug_aranges
                0x00000670       0xe0 obj_iotdk_10/gnu_arcem9d/arc/arc_exception.o
 .debug_aranges
                0x00000750       0x20 obj_iotdk_10/gnu_arcem9d/arc/arc_exc_asm.o
 .debug_aranges
                0x00000770       0x20 obj_iotdk_10/gnu_arcem9d/library/clib/embarc_misc.o

.debug_ranges   0x00000000      0xac8
 .debug_ranges  0x00000000       0xf8 obj_iotdk_10/gnu_arcem9d/application/./main.o
 .debug_ranges  0x000000f8       0x10 obj_iotdk_10/gnu_arcem9d/board/board.o
 .debug_ranges  0x00000108       0x30 obj_iotdk_10/gnu_arcem9d/arc/startup/arc_cxx_support.o
 .debug_ranges  0x00000138      0x198 obj_iotdk_10/gnu_arcem9d/board/iotdk/drivers/ip/subsystem/uart/dfss_uart_obj.o
 .debug_ranges  0x000002d0       0x98 obj_iotdk_10/gnu_arcem9d/device/ip/subsystem/uart/ss_uart.o
 .debug_ranges  0x00000368       0x60 obj_iotdk_10/gnu_arcem9d/device/ip/subsystem/uart/uart.o
 .debug_ranges  0x000003c8       0x10 obj_iotdk_10/gnu_arcem9d/board/iotdk/common/iotdk_init.o
 .debug_ranges  0x000003d8       0x78 obj_iotdk_10/gnu_arcem9d/board/iotdk/common/iotdk_timer.o
 .debug_ranges  0x00000450       0xf0 obj_iotdk_10/gnu_arcem9d/board/iotdk/drivers/mux/mux.o
 .debug_ranges  0x00000540       0xe8 obj_iotdk_10/gnu_arcem9d/board/iotdk/drivers/sysconf/sysconf.o
 .debug_ranges  0x00000628       0x48 obj_iotdk_10/gnu_arcem9d/middleware/common/console_io.o
 .debug_ranges  0x00000670       0x98 obj_iotdk_10/gnu_arcem9d/middleware/common/xprintf/xprintf.o
 .debug_ranges  0x00000708       0xc8 obj_iotdk_10/gnu_arcem9d/arc/arc_timer.o
 .debug_ranges  0x000007d0       0x80 obj_iotdk_10/gnu_arcem9d/arc/arc_cache.o
 .debug_ranges  0x00000850      0x268 obj_iotdk_10/gnu_arcem9d/arc/arc_exception.o
 .debug_ranges  0x00000ab8       0x10 obj_iotdk_10/gnu_arcem9d/library/clib/embarc_misc.o

.debug_line     0x00000000     0x5d40
 .debug_line    0x00000000      0x8cf obj_iotdk_10/gnu_arcem9d/application/./main.o
 .debug_line    0x000008cf      0x2cf obj_iotdk_10/gnu_arcem9d/board/board.o
 .debug_line    0x00000b9e      0x12b obj_iotdk_10/gnu_arcem9d/arc/startup/arc_cxx_support.o
 .debug_line    0x00000cc9       0xca obj_iotdk_10/gnu_arcem9d/arc/startup/arc_startup.o
 .debug_line    0x00000d93      0x6d7 obj_iotdk_10/gnu_arcem9d/board/iotdk/drivers/ip/subsystem/uart/dfss_uart_obj.o
 .debug_line    0x0000146a      0x821 obj_iotdk_10/gnu_arcem9d/device/ip/subsystem/uart/ss_uart.o
 .debug_line    0x00001c8b      0x8ea obj_iotdk_10/gnu_arcem9d/device/ip/subsystem/uart/uart.o
 .debug_line    0x00002575      0x1e6 obj_iotdk_10/gnu_arcem9d/board/iotdk/common/iotdk_init.o
 .debug_line    0x0000275b      0x36d obj_iotdk_10/gnu_arcem9d/board/iotdk/common/iotdk_timer.o
 .debug_line    0x00002ac8      0x5d6 obj_iotdk_10/gnu_arcem9d/board/iotdk/drivers/mux/mux.o
 .debug_line    0x0000309e      0x7b3 obj_iotdk_10/gnu_arcem9d/board/iotdk/drivers/sysconf/sysconf.o
 .debug_line    0x00003851      0x35a obj_iotdk_10/gnu_arcem9d/middleware/common/console_io.o
 .debug_line    0x00003bab      0x8f7 obj_iotdk_10/gnu_arcem9d/middleware/common/xprintf/xprintf.o
 .debug_line    0x000044a2      0x4ff obj_iotdk_10/gnu_arcem9d/arc/arc_timer.o
 .debug_line    0x000049a1      0x768 obj_iotdk_10/gnu_arcem9d/arc/arc_cache.o
 .debug_line    0x00005109      0xa21 obj_iotdk_10/gnu_arcem9d/arc/arc_exception.o
 .debug_line    0x00005b2a       0xaa obj_iotdk_10/gnu_arcem9d/arc/arc_exc_asm.o
 .debug_line    0x00005bd4      0x16c obj_iotdk_10/gnu_arcem9d/library/clib/embarc_misc.o

.debug_str      0x00000000     0x24c5
 .debug_str     0x00000000      0xd35 obj_iotdk_10/gnu_arcem9d/application/./main.o
                                0xf53 (size before relaxing)
 .debug_str     0x00000d35       0x9f obj_iotdk_10/gnu_arcem9d/board/board.o
                                0xa8c (size before relaxing)
 .debug_str     0x00000dd4      0x12f obj_iotdk_10/gnu_arcem9d/arc/startup/arc_cxx_support.o
                                0x268 (size before relaxing)
 .debug_str     0x00000f03       0x1d obj_iotdk_10/gnu_arcem9d/arc/startup/arc_startup.o
                                 0x72 (size before relaxing)
 .debug_str     0x00000f20      0x418 obj_iotdk_10/gnu_arcem9d/board/iotdk/drivers/ip/subsystem/uart/dfss_uart_obj.o
                                0x880 (size before relaxing)
 .debug_str     0x00001338      0x11a obj_iotdk_10/gnu_arcem9d/device/ip/subsystem/uart/ss_uart.o
                                0x66b (size before relaxing)
 .debug_str     0x00001452      0x236 obj_iotdk_10/gnu_arcem9d/device/ip/subsystem/uart/uart.o
                                0x8d8 (size before relaxing)
 .debug_str     0x00001688      0x147 obj_iotdk_10/gnu_arcem9d/board/iotdk/common/iotdk_init.o
                                0x724 (size before relaxing)
 .debug_str     0x000017cf       0xfd obj_iotdk_10/gnu_arcem9d/board/iotdk/common/iotdk_timer.o
                                0x738 (size before relaxing)
 .debug_str     0x000018cc      0x285 obj_iotdk_10/gnu_arcem9d/board/iotdk/drivers/mux/mux.o
                                0x945 (size before relaxing)
 .debug_str     0x00001b51      0x1f0 obj_iotdk_10/gnu_arcem9d/board/iotdk/drivers/sysconf/sysconf.o
                                0x5b1 (size before relaxing)
 .debug_str     0x00001d41       0xb9 obj_iotdk_10/gnu_arcem9d/middleware/common/console_io.o
                                0xbc8 (size before relaxing)
 .debug_str     0x00001dfa       0xaa obj_iotdk_10/gnu_arcem9d/middleware/common/xprintf/xprintf.o
                                0x24c (size before relaxing)
 .debug_str     0x00001ea4       0xa1 obj_iotdk_10/gnu_arcem9d/arc/arc_timer.o
                                0x346 (size before relaxing)
 .debug_str     0x00001f45      0x1f3 obj_iotdk_10/gnu_arcem9d/arc/arc_cache.o
                                0x47e (size before relaxing)
 .debug_str     0x00002138      0x35b obj_iotdk_10/gnu_arcem9d/arc/arc_exception.o
                                0x6bd (size before relaxing)
 .debug_str     0x00002493        0xe obj_iotdk_10/gnu_arcem9d/arc/arc_exc_asm.o
                                 0x72 (size before relaxing)
 .debug_str     0x000024a1       0x24 obj_iotdk_10/gnu_arcem9d/library/clib/embarc_misc.o
                                0x63f (size before relaxing)

.comment        0x00000000       0x46
 .comment       0x00000000       0x46 obj_iotdk_10/gnu_arcem9d/application/./main.o
                                 0x47 (size before relaxing)
 .comment       0x00000046       0x47 obj_iotdk_10/gnu_arcem9d/board/board.o
 .comment       0x00000046       0x47 obj_iotdk_10/gnu_arcem9d/arc/startup/arc_cxx_support.o
 .comment       0x00000046       0x47 obj_iotdk_10/gnu_arcem9d/board/iotdk/drivers/ip/subsystem/uart/dfss_uart_obj.o
 .comment       0x00000046       0x47 obj_iotdk_10/gnu_arcem9d/device/ip/subsystem/uart/ss_uart.o
 .comment       0x00000046       0x47 obj_iotdk_10/gnu_arcem9d/device/ip/subsystem/uart/uart.o
 .comment       0x00000046       0x47 obj_iotdk_10/gnu_arcem9d/board/iotdk/common/iotdk_init.o
 .comment       0x00000046       0x47 obj_iotdk_10/gnu_arcem9d/board/iotdk/common/iotdk_timer.o
 .comment       0x00000046       0x47 obj_iotdk_10/gnu_arcem9d/board/iotdk/drivers/mux/mux.o
 .comment       0x00000046       0x47 obj_iotdk_10/gnu_arcem9d/board/iotdk/drivers/sysconf/sysconf.o
 .comment       0x00000046       0x47 obj_iotdk_10/gnu_arcem9d/middleware/common/console_io.o
 .comment       0x00000046       0x47 obj_iotdk_10/gnu_arcem9d/middleware/common/xprintf/xprintf.o
 .comment       0x00000046       0x47 obj_iotdk_10/gnu_arcem9d/arc/arc_timer.o
 .comment       0x00000046       0x47 obj_iotdk_10/gnu_arcem9d/arc/arc_cache.o
 .comment       0x00000046       0x47 obj_iotdk_10/gnu_arcem9d/arc/arc_exception.o
 .comment       0x00000046       0x47 obj_iotdk_10/gnu_arcem9d/library/clib/embarc_misc.o

.note.GNU-stack
                0x00000000        0x0
 .note.GNU-stack
                0x00000000        0x0 obj_iotdk_10/gnu_arcem9d/application/./main.o
 .note.GNU-stack
                0x00000000        0x0 obj_iotdk_10/gnu_arcem9d/board/board.o
 .note.GNU-stack
                0x00000000        0x0 obj_iotdk_10/gnu_arcem9d/arc/startup/arc_cxx_support.o
 .note.GNU-stack
                0x00000000        0x0 obj_iotdk_10/gnu_arcem9d/board/iotdk/drivers/ip/subsystem/uart/dfss_uart_obj.o
 .note.GNU-stack
                0x00000000        0x0 obj_iotdk_10/gnu_arcem9d/device/ip/subsystem/uart/ss_uart.o
 .note.GNU-stack
                0x00000000        0x0 obj_iotdk_10/gnu_arcem9d/device/ip/subsystem/uart/uart.o
 .note.GNU-stack
                0x00000000        0x0 obj_iotdk_10/gnu_arcem9d/board/iotdk/common/iotdk_init.o
 .note.GNU-stack
                0x00000000        0x0 obj_iotdk_10/gnu_arcem9d/board/iotdk/common/iotdk_timer.o
 .note.GNU-stack
                0x00000000        0x0 obj_iotdk_10/gnu_arcem9d/board/iotdk/drivers/mux/mux.o
 .note.GNU-stack
                0x00000000        0x0 obj_iotdk_10/gnu_arcem9d/board/iotdk/drivers/sysconf/sysconf.o
 .note.GNU-stack
                0x00000000        0x0 obj_iotdk_10/gnu_arcem9d/middleware/common/console_io.o
 .note.GNU-stack
                0x00000000        0x0 obj_iotdk_10/gnu_arcem9d/middleware/common/xprintf/xprintf.o
 .note.GNU-stack
                0x00000000        0x0 obj_iotdk_10/gnu_arcem9d/arc/arc_timer.o
 .note.GNU-stack
                0x00000000        0x0 obj_iotdk_10/gnu_arcem9d/arc/arc_cache.o
 .note.GNU-stack
                0x00000000        0x0 obj_iotdk_10/gnu_arcem9d/arc/arc_exception.o
 .note.GNU-stack
                0x00000000        0x0 obj_iotdk_10/gnu_arcem9d/library/clib/embarc_misc.o

.ARC.attributes
                0x00000000       0x45
 .ARC.attributes
                0x00000000       0x2e obj_iotdk_10/gnu_arcem9d/application/./main.o
 .ARC.attributes
                0x0000002e       0x29 obj_iotdk_10/gnu_arcem9d/board/board.o
 .ARC.attributes
                0x00000057       0x2c obj_iotdk_10/gnu_arcem9d/arc/startup/arc_cxx_support.o
 .ARC.attributes
                0x00000083       0x25 obj_iotdk_10/gnu_arcem9d/arc/startup/arc_startup.o
 .ARC.attributes
                0x000000a8       0x29 obj_iotdk_10/gnu_arcem9d/board/iotdk/drivers/ip/subsystem/uart/dfss_uart_obj.o
 .ARC.attributes
                0x000000d1       0x34 obj_iotdk_10/gnu_arcem9d/device/ip/subsystem/uart/ss_uart.o
 .ARC.attributes
                0x00000105       0x2e obj_iotdk_10/gnu_arcem9d/device/ip/subsystem/uart/uart.o
 .ARC.attributes
                0x00000133       0x29 obj_iotdk_10/gnu_arcem9d/board/iotdk/common/iotdk_init.o
 .ARC.attributes
                0x0000015c       0x2e obj_iotdk_10/gnu_arcem9d/board/iotdk/common/iotdk_timer.o
 .ARC.attributes
                0x0000018a       0x29 obj_iotdk_10/gnu_arcem9d/board/iotdk/drivers/mux/mux.o
 .ARC.attributes
                0x000001b3       0x2c obj_iotdk_10/gnu_arcem9d/board/iotdk/drivers/sysconf/sysconf.o
 .ARC.attributes
                0x000001df       0x29 obj_iotdk_10/gnu_arcem9d/middleware/common/console_io.o
 .ARC.attributes
                0x00000208       0x33 obj_iotdk_10/gnu_arcem9d/middleware/common/xprintf/xprintf.o
 .ARC.attributes
                0x0000023b       0x36 obj_iotdk_10/gnu_arcem9d/arc/arc_timer.o
 .ARC.attributes
                0x00000271       0x2c obj_iotdk_10/gnu_arcem9d/arc/arc_cache.o
 .ARC.attributes
                0x0000029d       0x2c obj_iotdk_10/gnu_arcem9d/arc/arc_exception.o
 .ARC.attributes
                0x000002c9       0x28 obj_iotdk_10/gnu_arcem9d/arc/arc_exc_asm.o
 .ARC.attributes
                0x000002f1       0x29 obj_iotdk_10/gnu_arcem9d/library/clib/embarc_misc.o

.debug_frame    0x00000000     0x14f8
 .debug_frame   0x00000000      0x36c obj_iotdk_10/gnu_arcem9d/application/./main.o
 .debug_frame   0x0000036c       0x28 obj_iotdk_10/gnu_arcem9d/board/board.o
 .debug_frame   0x00000394       0xbc obj_iotdk_10/gnu_arcem9d/arc/startup/arc_cxx_support.o
 .debug_frame   0x00000450      0x24c obj_iotdk_10/gnu_arcem9d/board/iotdk/drivers/ip/subsystem/uart/dfss_uart_obj.o
 .debug_frame   0x0000069c      0x180 obj_iotdk_10/gnu_arcem9d/device/ip/subsystem/uart/ss_uart.o
 .debug_frame   0x0000081c      0x1b0 obj_iotdk_10/gnu_arcem9d/device/ip/subsystem/uart/uart.o
 .debug_frame   0x000009cc       0x2c obj_iotdk_10/gnu_arcem9d/board/iotdk/common/iotdk_init.o
 .debug_frame   0x000009f8      0x11c obj_iotdk_10/gnu_arcem9d/board/iotdk/common/iotdk_timer.o
 .debug_frame   0x00000b14       0x80 obj_iotdk_10/gnu_arcem9d/board/iotdk/drivers/mux/mux.o
 .debug_frame   0x00000b94      0x1bc obj_iotdk_10/gnu_arcem9d/board/iotdk/drivers/sysconf/sysconf.o
 .debug_frame   0x00000d50       0x98 obj_iotdk_10/gnu_arcem9d/middleware/common/console_io.o
 .debug_frame   0x00000de8      0x260 obj_iotdk_10/gnu_arcem9d/middleware/common/xprintf/xprintf.o
 .debug_frame   0x00001048       0xec obj_iotdk_10/gnu_arcem9d/arc/arc_timer.o
 .debug_frame   0x00001134      0x1a0 obj_iotdk_10/gnu_arcem9d/arc/arc_cache.o
 .debug_frame   0x000012d4      0x204 obj_iotdk_10/gnu_arcem9d/arc/arc_exception.o
 .debug_frame   0x000014d8       0x20 obj_iotdk_10/gnu_arcem9d/library/clib/embarc_misc.o
